src/app/master/sparepart/page.tsx(138,91): error TS2339: Property 'name' does not exist on type 'string'.
src/app/master/sparepart/page.tsx(140,78): error TS2551: Property 'merk' does not exist on type 'Sparepart'. Did you mean 'merek'?
src/app/master/sparepart/page.tsx(180,73): error TS2551: Property 'merk' does not exist on type 'Sparepart'. Did you mean 'merek'?
src/app/master/sparepart/page.tsx(180,94): error TS2339: Property 'name' does not exist on type 'string'.
src/app/monitoring/page.tsx(52,70): error TS2339: Property 'border' does not exist on type '{ id: string; type: string; title: string; sub: string; mechanic: string; mechanicColor: string; foot: string; progress: null; warning: null; border?: undefined; } | { id: string; type: string; title: string; ... 6 more ...; border: string; } | { ...; } | { ...; }'.
  Property 'border' does not exist on type '{ id: string; type: string; title: string; sub: string; mechanic: string; mechanicColor: string; foot: string; footColor: string; progress: number; warning: null; hasPhoto: boolean; }'.
src/app/monitoring/page.tsx(69,19): error TS2339: Property 'hasPhoto' does not exist on type '{ id: string; type: string; title: string; sub: string; mechanic: string; mechanicColor: string; foot: string; progress: null; warning: null; border?: undefined; } | { id: string; type: string; title: string; ... 6 more ...; border: string; } | { ...; } | { ...; }'.
  Property 'hasPhoto' does not exist on type '{ id: string; type: string; title: string; sub: string; mechanic: string; mechanicColor: string; foot: string; progress: null; warning: null; border?: undefined; }'.
src/app/monitoring/page.tsx(82,74): error TS2339: Property 'footColor' does not exist on type '{ id: string; type: string; title: string; sub: string; mechanic: string; mechanicColor: string; foot: string; progress: null; warning: null; border?: undefined; } | { id: string; type: string; title: string; ... 6 more ...; border: string; } | { ...; } | { ...; }'.
  Property 'footColor' does not exist on type '{ id: string; type: string; title: string; sub: string; mechanic: string; mechanicColor: string; foot: string; progress: null; warning: null; border?: undefined; }'.
src/app/monitoring/page.tsx(83,21): error TS2339: Property 'hasFollowUp' does not exist on type '{ id: string; type: string; title: string; sub: string; mechanic: string; mechanicColor: string; foot: string; progress: null; warning: null; border?: undefined; } | { id: string; type: string; title: string; ... 6 more ...; border: string; } | { ...; } | { ...; }'.
  Property 'hasFollowUp' does not exist on type '{ id: string; type: string; title: string; sub: string; mechanic: string; mechanicColor: string; foot: string; progress: null; warning: null; border?: undefined; }'.
src/app/monitoring/page.tsx(101,140): error TS2339: Property 'border' does not exist on type '{ id: string; type: string; title: string; sub: string; mechanic: string; mechanicColor: string; foot: string; progress: null; warning: null; border?: undefined; } | { id: string; type: string; title: string; ... 6 more ...; border: string; } | { ...; } | { ...; }'.
  Property 'border' does not exist on type '{ id: string; type: string; title: string; sub: string; mechanic: string; mechanicColor: string; foot: string; footColor: string; progress: number; warning: null; hasPhoto: boolean; }'.
src/app/monitoring/page.tsx(114,25): error TS2339: Property 'hasPhoto' does not exist on type '{ id: string; type: string; title: string; sub: string; mechanic: string; mechanicColor: string; foot: string; progress: null; warning: null; border?: undefined; } | { id: string; type: string; title: string; ... 6 more ...; border: string; } | { ...; } | { ...; }'.
  Property 'hasPhoto' does not exist on type '{ id: string; type: string; title: string; sub: string; mechanic: string; mechanicColor: string; foot: string; progress: null; warning: null; border?: undefined; }'.
src/app/monitoring/page.tsx(118,68): error TS2339: Property 'footColor' does not exist on type '{ id: string; type: string; title: string; sub: string; mechanic: string; mechanicColor: string; foot: string; progress: null; warning: null; border?: undefined; } | { id: string; type: string; title: string; ... 6 more ...; border: string; } | { ...; } | { ...; }'.
  Property 'footColor' does not exist on type '{ id: string; type: string; title: string; sub: string; mechanic: string; mechanicColor: string; foot: string; progress: null; warning: null; border?: undefined; }'.
src/app/monitoring/page.tsx(119,27): error TS2339: Property 'hasFollowUp' does not exist on type '{ id: string; type: string; title: string; sub: string; mechanic: string; mechanicColor: string; foot: string; progress: null; warning: null; border?: undefined; } | { id: string; type: string; title: string; ... 6 more ...; border: string; } | { ...; } | { ...; }'.
  Property 'hasFollowUp' does not exist on type '{ id: string; type: string; title: string; sub: string; mechanic: string; mechanicColor: string; foot: string; progress: null; warning: null; border?: undefined; }'.
